// Jest Snapshot v1, https://goo.gl/fbAQLP

exports[`Homepage page renders the landing page 1`] = `
<div>
  Hello World! Its me coming 
</div>
`;
